[dotenv@17.2.3] injecting env (9) from .env -- tip: ≡ƒöÉ prevent building .env in docker: https://dotenvx.com/prebuild
SUCCESS: {"data":[{"id":"97","user_id":"f8433f32-428c-4011-8cd0-64ce50fca8f9","progress":57,"added_at":"2026-01-12T22:08:11.438Z","book_id":"c06cae3a-0e9b-4aee-90dd-e9fafb88aefd","last_page":485,"completed_at":null},{"id":"108","user_id":"cdff310d-1cbf-4803-8c8b-b93195ac374f","progress":4,"added_at":"2026-02-09T21:53:16.608Z","book_id":"c06cae3a-0e9b-4aee-90dd-e9fafb88aefd","last_page":38,"completed_at":null},{"id":"107","user_id":"cdff310d-1cbf-4803-8c8b-b93195ac374f","progress":12,"added_at":"2026-02-09T21:52:05.935Z","book_id":"14af9fde-cd3b-41ec-9c82-fb0ecdce7078","last_page":51,"completed_at":null},{"id":"94","user_id":"7e9011b6-a3c8-4c9b-8af6-5050baf0eafb","progress":5,"added_at":"2026-01-07T04:22:05.064Z","book_id":"14af9fde-cd3b-41ec-9c82-fb0ecdce7078","last_page":21,"completed_at":null},{"id":"96","user_id":"f8433f32-428c-4011-8cd0-64ce50fca8f9","progress":56,"added_at":"2026-01-12T22:07:28.390Z","book_id":"14af9fde-cd3b-41ec-9c82-fb0ecdce7078","last_page":246,"completed_at":null},{"id":"104","user_id":"782c37df-f571-4390-bd69-fefdb0e13cf5","progress":0,"added_at":"2026-02-09T01:20:54.424Z","book_id":"c06cae3a-0e9b-4aee-90dd-e9fafb88aefd","last_page":3,"completed_at":null},{"id":"95","user_id":"7e9011b6-a3c8-4c9b-8af6-5050baf0eafb","progress":93,"added_at":"2026-01-07T22:31:57.749Z","book_id":"c06cae3a-0e9b-4aee-90dd-e9fafb88aefd","last_page":797,"completed_at":null},{"id":"99","user_id":"782c37df-f571-4390-bd69-fefdb0e13cf5","progress":2,"added_at":"2026-02-08T22:04:59.466Z","book_id":"14af9fde-cd3b-41ec-9c82-fb0ecdce7078","last_page":8,"completed_at":null}],"error":null}
